V3 3
FL C:/Users/utp.CRIE/Desktop/firstprocessorgroup2-linahoyos-master/Procesador/RegisterFile.vhd 2017/04/21.17:21:00 P.20131013
EN work/RegisterFile 1492813265 \
      FL C:/Users/utp.CRIE/Desktop/firstprocessorgroup2-linahoyos-master/Procesador/RegisterFile.vhd \
      PB ieee/std_logic_1164 1381692176 PB ieee/std_logic_arith 1381692177 \
      PB ieee/STD_LOGIC_UNSIGNED 1381692179
AR work/RegisterFile/Behavioral 1492813266 \
      FL C:/Users/utp.CRIE/Desktop/firstprocessorgroup2-linahoyos-master/Procesador/RegisterFile.vhd \
      EN work/RegisterFile 1492813265
