V3 3
FL D:/firstprocessorgroup2-angelicalopez/Procesador/InstructionMemory.vhd 2017/03/31.17:37:10 P.20131013
EN work/InstructionMemory 1490999838 \
      FL D:/firstprocessorgroup2-angelicalopez/Procesador/InstructionMemory.vhd \
      PB ieee/std_logic_1164 1381692176 PB ieee/STD_LOGIC_UNSIGNED 1381692179 \
      PB std/TEXTIO 1381692176
AR work/InstructionMemory/Behavioral 1490999839 \
      FL D:/firstprocessorgroup2-angelicalopez/Procesador/InstructionMemory.vhd \
      EN work/InstructionMemory 1490999838
